Archive member included to satisfy reference by file (symbol)

d:/xblank/com/arm/imt_arm_course/02- tools/03- imt sdk/imt_sdk_win_64/winarm/armgcc/bin/../lib/gcc/arm-none-eabi/7.2.1/../../../../arm-none-eabi/lib/thumb/v7-m\libg_nano.a(lib_a-errno.o)
                              ./system/src/newlib/_sbrk.o (__errno)
d:/xblank/com/arm/imt_arm_course/02- tools/03- imt sdk/imt_sdk_win_64/winarm/armgcc/bin/../lib/gcc/arm-none-eabi/7.2.1/../../../../arm-none-eabi/lib/thumb/v7-m\libg_nano.a(lib_a-impure.o)
                              d:/xblank/com/arm/imt_arm_course/02- tools/03- imt sdk/imt_sdk_win_64/winarm/armgcc/bin/../lib/gcc/arm-none-eabi/7.2.1/../../../../arm-none-eabi/lib/thumb/v7-m\libg_nano.a(lib_a-errno.o) (_impure_ptr)
d:/xblank/com/arm/imt_arm_course/02- tools/03- imt sdk/imt_sdk_win_64/winarm/armgcc/bin/../lib/gcc/arm-none-eabi/7.2.1/../../../../arm-none-eabi/lib/thumb/v7-m\libg_nano.a(lib_a-malloc.o)
                              ./src/Linked_List.o (malloc)
d:/xblank/com/arm/imt_arm_course/02- tools/03- imt sdk/imt_sdk_win_64/winarm/armgcc/bin/../lib/gcc/arm-none-eabi/7.2.1/../../../../arm-none-eabi/lib/thumb/v7-m\libg_nano.a(lib_a-nano-freer.o)
                              d:/xblank/com/arm/imt_arm_course/02- tools/03- imt sdk/imt_sdk_win_64/winarm/armgcc/bin/../lib/gcc/arm-none-eabi/7.2.1/../../../../arm-none-eabi/lib/thumb/v7-m\libg_nano.a(lib_a-malloc.o) (_free_r)
d:/xblank/com/arm/imt_arm_course/02- tools/03- imt sdk/imt_sdk_win_64/winarm/armgcc/bin/../lib/gcc/arm-none-eabi/7.2.1/../../../../arm-none-eabi/lib/thumb/v7-m\libg_nano.a(lib_a-nano-mallocr.o)
                              d:/xblank/com/arm/imt_arm_course/02- tools/03- imt sdk/imt_sdk_win_64/winarm/armgcc/bin/../lib/gcc/arm-none-eabi/7.2.1/../../../../arm-none-eabi/lib/thumb/v7-m\libg_nano.a(lib_a-malloc.o) (_malloc_r)
d:/xblank/com/arm/imt_arm_course/02- tools/03- imt sdk/imt_sdk_win_64/winarm/armgcc/bin/../lib/gcc/arm-none-eabi/7.2.1/../../../../arm-none-eabi/lib/thumb/v7-m\libg_nano.a(lib_a-rand.o)
                              ./src/BlockBuild_program.o (rand)
d:/xblank/com/arm/imt_arm_course/02- tools/03- imt sdk/imt_sdk_win_64/winarm/armgcc/bin/../lib/gcc/arm-none-eabi/7.2.1/../../../../arm-none-eabi/lib/thumb/v7-m\libg_nano.a(lib_a-sbrkr.o)
                              d:/xblank/com/arm/imt_arm_course/02- tools/03- imt sdk/imt_sdk_win_64/winarm/armgcc/bin/../lib/gcc/arm-none-eabi/7.2.1/../../../../arm-none-eabi/lib/thumb/v7-m\libg_nano.a(lib_a-nano-mallocr.o) (_sbrk_r)
d:/xblank/com/arm/imt_arm_course/02- tools/03- imt sdk/imt_sdk_win_64/winarm/armgcc/bin/../lib/gcc/arm-none-eabi/7.2.1/../../../../arm-none-eabi/lib/thumb/v7-m\libg_nano.a(lib_a-sprintf.o)
                              ./src/SnakeAPP_program.o (sprintf)
d:/xblank/com/arm/imt_arm_course/02- tools/03- imt sdk/imt_sdk_win_64/winarm/armgcc/bin/../lib/gcc/arm-none-eabi/7.2.1/../../../../arm-none-eabi/lib/thumb/v7-m\libg_nano.a(lib_a-strlen.o)
                              ./system/src/diag/Trace.o (strlen)
d:/xblank/com/arm/imt_arm_course/02- tools/03- imt sdk/imt_sdk_win_64/winarm/armgcc/bin/../lib/gcc/arm-none-eabi/7.2.1/../../../../arm-none-eabi/lib/thumb/v7-m\libg_nano.a(lib_a-vsnprintf.o)
                              ./system/src/diag/Trace.o (vsnprintf)
d:/xblank/com/arm/imt_arm_course/02- tools/03- imt sdk/imt_sdk_win_64/winarm/armgcc/bin/../lib/gcc/arm-none-eabi/7.2.1/../../../../arm-none-eabi/lib/thumb/v7-m\libg_nano.a(lib_a-mlock.o)
                              d:/xblank/com/arm/imt_arm_course/02- tools/03- imt sdk/imt_sdk_win_64/winarm/armgcc/bin/../lib/gcc/arm-none-eabi/7.2.1/../../../../arm-none-eabi/lib/thumb/v7-m\libg_nano.a(lib_a-nano-freer.o) (__malloc_lock)
d:/xblank/com/arm/imt_arm_course/02- tools/03- imt sdk/imt_sdk_win_64/winarm/armgcc/bin/../lib/gcc/arm-none-eabi/7.2.1/../../../../arm-none-eabi/lib/thumb/v7-m\libg_nano.a(lib_a-nano-svfprintf.o)
                              d:/xblank/com/arm/imt_arm_course/02- tools/03- imt sdk/imt_sdk_win_64/winarm/armgcc/bin/../lib/gcc/arm-none-eabi/7.2.1/../../../../arm-none-eabi/lib/thumb/v7-m\libg_nano.a(lib_a-sprintf.o) (_svfprintf_r)
d:/xblank/com/arm/imt_arm_course/02- tools/03- imt sdk/imt_sdk_win_64/winarm/armgcc/bin/../lib/gcc/arm-none-eabi/7.2.1/../../../../arm-none-eabi/lib/thumb/v7-m\libg_nano.a(lib_a-nano-vfprintf_i.o)
                              d:/xblank/com/arm/imt_arm_course/02- tools/03- imt sdk/imt_sdk_win_64/winarm/armgcc/bin/../lib/gcc/arm-none-eabi/7.2.1/../../../../arm-none-eabi/lib/thumb/v7-m\libg_nano.a(lib_a-nano-svfprintf.o) (_printf_i)
d:/xblank/com/arm/imt_arm_course/02- tools/03- imt sdk/imt_sdk_win_64/winarm/armgcc/bin/../lib/gcc/arm-none-eabi/7.2.1/../../../../arm-none-eabi/lib/thumb/v7-m\libg_nano.a(lib_a-memchr-stub.o)
                              d:/xblank/com/arm/imt_arm_course/02- tools/03- imt sdk/imt_sdk_win_64/winarm/armgcc/bin/../lib/gcc/arm-none-eabi/7.2.1/../../../../arm-none-eabi/lib/thumb/v7-m\libg_nano.a(lib_a-nano-svfprintf.o) (memchr)
[...]
Memory Configuration

Name             Origin             Length             Attributes
RAM              0x20000000         0x00005000         xrw
CCMRAM           0x00000000         0x00000000         xrw
FLASH            0x08000000         0x00020000         xr
FLASHB1          0x00000000         0x00000000         xr
EXTMEMB0         0x00000000         0x00000000         xr
EXTMEMB1         0x00000000         0x00000000         xr
EXTMEMB2         0x00000000         0x00000000         xr
EXTMEMB3         0x00000000         0x00000000         xr
MEMORY_ARRAY     0x00000000         0x00000000         xrw
*default*        0x00000000         0xffffffff

Linker script and memory map

LOAD ./system/src/stm32f1-stdperiph/misc.o
LOAD ./system/src/stm32f1-stdperiph/stm32f10x_gpio.o
LOAD ./system/src/stm32f1-stdperiph/stm32f10x_rcc.o
LOAD ./system/src/newlib/_cxx.o
LOAD ./system/src/newlib/_exit.o
LOAD ./system/src/newlib/_sbrk.o
LOAD ./system/src/newlib/_startup.o
LOAD ./system/src/newlib/_syscalls.o
LOAD ./system/src/newlib/assert.o
LOAD ./system/src/diag/Trace.o
LOAD ./system/src/diag/trace_impl.o
LOAD ./system/src/cortexm/_initialize_hardware.o
LOAD ./system/src/cortexm/_reset_hardware.o
LOAD ./system/src/cortexm/exception_handlers.o
LOAD ./system/src/cmsis/system_stm32f10x.o
LOAD ./system/src/cmsis/vectors_stm32f10x.o
LOAD ./src/BUTTON_program.o
LOAD ./src/BlockBuild_program.o
LOAD ./src/GPIO_program.o
LOAD ./src/Linked_List.o
LOAD ./src/OS_programe.o
LOAD ./src/RCC_program.o
LOAD ./src/SPI_program.o
LOAD ./src/STK_program.o
LOAD ./src/SnakeAPP_program.o
LOAD ./src/TFT_program.o
LOAD ./src/main.o
LOAD d:/xblank/com/arm/imt_arm_course/02- tools/03- imt sdk/imt_sdk_win_64/winarm/armgcc/bin/../lib/gcc/arm-none-eabi/7.2.1/../../../../arm-none-eabi/lib/thumb/v7-m\libstdc++_nano.a
LOAD d:/xblank/com/arm/imt_arm_course/02- tools/03- imt sdk/imt_sdk_win_64/winarm/armgcc/bin/../lib/gcc/arm-none-eabi/7.2.1/../../../../arm-none-eabi/lib/thumb/v7-m\libm.a
START GROUP
LOAD d:/xblank/com/arm/imt_arm_course/02- tools/03- imt sdk/imt_sdk_win_64/winarm/armgcc/bin/../lib/gcc/arm-none-eabi/7.2.1/thumb/v7-m\libgcc.a
LOAD d:/xblank/com/arm/imt_arm_course/02- tools/03- imt sdk/imt_sdk_win_64/winarm/armgcc/bin/../lib/gcc/arm-none-eabi/7.2.1/../../../../arm-none-eabi/lib/thumb/v7-m\libg_nano.a
LOAD d:/xblank/com/arm/imt_arm_course/02- tools/03- imt sdk/imt_sdk_win_64/winarm/armgcc/bin/../lib/gcc/arm-none-eabi/7.2.1/../../../../arm-none-eabi/lib/thumb/v7-m\libc_nano.a
END GROUP
START GROUP
LOAD d:/xblank/com/arm/imt_arm_course/02- tools/03- imt sdk/imt_sdk_win_64/winarm/armgcc/bin/../lib/gcc/arm-none-eabi/7.2.1/thumb/v7-m\libgcc.a
LOAD d:/xblank/com/arm/imt_arm_course/02- tools/03- imt sdk/imt_sdk_win_64/winarm/armgcc/bin/../lib/gcc/arm-none-eabi/7.2.1/../../../../arm-none-eabi/lib/thumb/v7-m\libc_nano.a
END GROUP
                0x20005000                __stack = (ORIGIN (RAM) + LENGTH (RAM))
                0x20005000                _estack = __stack
                0x00000400                __Main_Stack_Size = 0x400
                [!provide]                PROVIDE (_Main_Stack_Size, __Main_Stack_Size)
                0x20004c00                __Main_Stack_Limit = (__stack - __Main_Stack_Size)
                [!provide]                PROVIDE (_Main_Stack_Limit, __Main_Stack_Limit)
                0x00000100                _Minimum_Stack_Size = 0x100
                0x20000200                PROVIDE (_Heap_Begin, _end_noinit)
                0x20004c00                PROVIDE (_Heap_Limit, (__stack - __Main_Stack_Size))

.isr_vector     0x08000000      0x350
 FILL mask 0xff
                0x08000000                __vectors_start = ABSOLUTE (.)
                0x08000000                __vectors_start__ = ABSOLUTE (.)
 *(.isr_vector)
 .isr_vector    0x08000000      0x10c ./system/src/cmsis/vectors_stm32f10x.o
                0x08000000                __isr_vectors
 *(.cfmconfig)
 *(.after_vectors .after_vectors.*)
 .after_vectors
                0x0800010c      0x114 ./system/src/newlib/_startup.o
                0x0800010c                _start
 .after_vectors
                0x08000220      0x12c ./system/src/cortexm/exception_handlers.o
                0x08000220                Reset_Handler
                0x08000226                NMI_Handler
                0x0800022a                HardFault_Handler
                0x0800023e                HardFault_Handler_C
                0x0800029c                MemManage_Handler
                0x080002a0                BusFault_Handler
                0x080002b4                BusFault_Handler_C
                0x080002e8                UsageFault_Handler
                0x080002fc                UsageFault_Handler_C
                0x08000330                SVC_Handler
                0x08000334                DebugMon_Handler
                0x08000338                PendSV_Handler
 .after_vectors
                0x0800034c        0x4 ./system/src/cmsis/vectors_stm32f10x.o
                0x0800034c                EXTI2_IRQHandler
                0x0800034c                TIM8_TRG_COM_IRQHandler
                0x0800034c                TIM8_CC_IRQHandler
                0x0800034c                TIM1_CC_IRQHandler
                0x0800034c                TIM6_IRQHandler
                0x0800034c                PVD_IRQHandler
                0x0800034c                SDIO_IRQHandler
                0x0800034c                CAN2_RX1_IRQHandler
                0x0800034c                EXTI3_IRQHandler
                0x0800034c                TIM8_TRG_COM_TIM14_IRQHandler
                0x0800034c                TIM1_UP_TIM10_IRQHandler
                0x0800034c                TIM8_UP_TIM13_IRQHandler
                0x0800034c                EXTI0_IRQHandler
                0x0800034c                I2C2_EV_IRQHandler
                0x0800034c                CAN1_RX0_IRQHandler
                0x0800034c                TIM1_UP_TIM16_IRQHandler
                0x0800034c                CAN2_SCE_IRQHandler
                0x0800034c                ADC1_2_IRQHandler
                0x0800034c                TAMPER_IRQHandler
                0x0800034c                TIM6_DAC_IRQHandler
                0x0800034c                TIM1_BRK_TIM9_IRQHandler
                0x0800034c                CAN2_RX0_IRQHandler
                0x0800034c                TIM8_UP_IRQHandler
                0x0800034c                DMA2_Channel2_IRQHandler
                0x0800034c                DMA1_Channel4_IRQHandler
                0x0800034c                USART3_IRQHandler
                0x0800034c                RTC_IRQHandler
                0x0800034c                DMA1_Channel7_IRQHandler
                0x0800034c                CAN1_RX1_IRQHandler
                0x0800034c                UART5_IRQHandler
                0x0800034c                ADC3_IRQHandler
                0x0800034c                TIM4_IRQHandler
                0x0800034c                DMA2_Channel1_IRQHandler
                0x0800034c                I2C1_EV_IRQHandler
                0x0800034c                DMA1_Channel6_IRQHandler
                0x0800034c                UART4_IRQHandler
                0x0800034c                DMA2_Channel4_IRQHandler
                0x0800034c                TIM3_IRQHandler
                0x0800034c                RCC_IRQHandler
                0x0800034c                TIM8_BRK_TIM12_IRQHandler
                0x0800034c                TIM1_TRG_COM_IRQHandler
                0x0800034c                DMA1_Channel1_IRQHandler
                0x0800034c                Default_Handler
                0x0800034c                CEC_IRQHandler
                0x0800034c                EXTI15_10_IRQHandler
                0x0800034c                TIM14_IRQHandler
                0x0800034c                TIM13_IRQHandler
                0x0800034c                TIM12_IRQHandler
                0x0800034c                TIM7_IRQHandler
                0x0800034c                CAN2_TX_IRQHandler
                0x0800034c                TIM5_IRQHandler
                0x0800034c                EXTI9_5_IRQHandler
                0x0800034c                ETH_WKUP_IRQHandler
                0x0800034c                CAN1_TX_IRQHandler
                0x0800034c                DMA2_Channel5_IRQHandler
                0x0800034c                DMA1_Channel5_IRQHandler
                0x0800034c                EXTI4_IRQHandler
                0x0800034c                USB_LP_CAN1_RX0_IRQHandler
                0x0800034c                TIM1_TRG_COM_TIM17_IRQHandler
                0x0800034c                USB_HP_CAN1_TX_IRQHandler
                0x0800034c                DMA1_Channel3_IRQHandler
                0x0800034c                FSMC_IRQHandler
                0x0800034c                ETH_IRQHandler
                0x0800034c                TIM1_UP_IRQHandler
                0x0800034c                WWDG_IRQHandler
                0x0800034c                TIM2_IRQHandler
                0x0800034c                OTG_FS_WKUP_IRQHandler
                0x0800034c                TIM1_TRG_COM_TIM11_IRQHandler
                0x0800034c                TIM1_BRK_IRQHandler
                0x0800034c                EXTI1_IRQHandler
                0x0800034c                RTCAlarm_IRQHandler
                0x0800034c                DMA2_Channel4_5_IRQHandler
                0x0800034c                USART2_IRQHandler
                0x0800034c                I2C2_ER_IRQHandler
                0x0800034c                DMA1_Channel2_IRQHandler
                0x0800034c                TIM8_BRK_IRQHandler
                0x0800034c                CAN1_SCE_IRQHandler
                0x0800034c                FLASH_IRQHandler
                0x0800034c                USART1_IRQHandler
                0x0800034c                OTG_FS_IRQHandler
                0x0800034c                SPI3_IRQHandler
                0x0800034c                I2C1_ER_IRQHandler
                0x0800034c                USBWakeUp_IRQHandler
                0x0800034c                DMA2_Channel3_IRQHandler
                0x0800034c                TIM1_BRK_TIM15_IRQHandler

.inits          0x08000350       0x28
                0x08000350                __data_regions_array_start = .
                0x08000350        0x4 LONG 0x80034e8 LOADADDR (.data)
                0x08000354        0x4 LONG 0x20000000 ADDR (.data)
                0x08000358        0x4 LONG 0x200000d0 (ADDR (.data) + SIZEOF (.data))
                0x0800035c        0x4 LONG 0x80034e8 LOADADDR (.data_CCMRAM)
                0x08000360        0x4 LONG 0x0 ADDR (.data_CCMRAM)
                0x08000364        0x4 LONG 0x0 (ADDR (.data_CCMRAM) + SIZEOF (.data_CCMRAM))
                0x08000368                __data_regions_array_end = .
                0x08000368                __bss_regions_array_start = .
                0x08000368        0x4 LONG 0x200000d0 ADDR (.bss)
                0x0800036c        0x4 LONG 0x20000200 (ADDR (.bss) + SIZEOF (.bss))
                0x08000370        0x4 LONG 0x0 ADDR (.bss_CCMRAM)
                0x08000374        0x4 LONG 0x0 (ADDR (.bss_CCMRAM) + SIZEOF (.bss_CCMRAM))
                0x08000378                __bss_regions_array_end = .
 *(.init)
 *(.fini)
                0x08000378                . = ALIGN (0x4)
                0x08000378                PROVIDE (__preinit_array_start, .)
 *(.preinit_array_sysinit .preinit_array_sysinit.*)
 *(.preinit_array_platform .preinit_array_platform.*)
 *(.preinit_array .preinit_array.*)
                0x08000378                PROVIDE (__preinit_array_end, .)
                0x08000378                . = ALIGN (0x4)
                0x08000378                PROVIDE (__init_array_start, .)
 *(SORT_BY_NAME(.init_array.*))
 *(.init_array)
                0x08000378                PROVIDE (__init_array_end, .)
                0x08000378                . = ALIGN (0x4)
                0x08000378                PROVIDE (__fini_array_start, .)
 *(SORT_BY_NAME(.fini_array.*))
 *(.fini_array)
                0x08000378                PROVIDE (__fini_array_end, .)

.flashtext
 *(.flashtext .flashtext.*)

.text           0x08000378     0x316f
 *(.text .text.*)
 .text._exit    0x08000378        0x2 ./system/src/newlib/_exit.o
                0x08000378                _exit
 *fill*         0x0800037a        0x2 
 .text._sbrk    0x0800037c       0x44 ./system/src/newlib/_sbrk.o
                0x0800037c                _sbrk
 .text.__initialize_args
                0x080003c0       0x10 ./system/src/newlib/_syscalls.o
                0x080003c0                __initialize_args
 .text.trace_printf
                0x080003d0       0x30 ./system/src/diag/Trace.o
                0x080003d0                trace_printf
 .text._trace_write_semihosting_debug
                0x08000400       0x60 ./system/src/diag/trace_impl.o
 .text.trace_write
                0x08000460        0x8 ./system/src/diag/trace_impl.o
                0x08000460                trace_write
 .text.__initialize_hardware_early
                0x08000468       0x18 ./system/src/cortexm/_initialize_hardware.o
                0x08000468                __initialize_hardware_early
 .text.__initialize_hardware
                0x08000480        0x8 ./system/src/cortexm/_initialize_hardware.o
                0x08000480                __initialize_hardware
 .text.dumpExceptionStack
                0x08000488       0xf4 ./system/src/cortexm/exception_handlers.o
                0x08000488                dumpExceptionStack
 .text.isSemihosting
                0x0800057c       0x20 ./system/src/cortexm/exception_handlers.o
                0x0800057c                isSemihosting
 .text.SetSysClockTo72
                0x0800059c       0xc4 ./system/src/cmsis/system_stm32f10x.o
 .text.SetSysClock
                0x08000660        0x8 ./system/src/cmsis/system_stm32f10x.o
 .text.SystemInit
                0x08000668       0x50 ./system/src/cmsis/system_stm32f10x.o
                0x08000668                SystemInit
 .text.SystemCoreClockUpdate
                0x080006b8       0x94 ./system/src/cmsis/system_stm32f10x.o
                0x080006b8                SystemCoreClockUpdate
 .text.BUTTON_voidInit
                0x0800074c       0x50 ./src/BUTTON_program.o
                0x0800074c                BUTTON_voidInit
 .text.BUTTON_voidScane
                0x0800079c       0xb4 ./src/BUTTON_program.o
                0x0800079c                BUTTON_voidScane
 .text.BUTTON_voidGetState
                0x08000850       0x10 ./src/BUTTON_program.o
                0x08000850                BUTTON_voidGetState
 .text.voidUpdatePosition
                0x08000860      0x1b4 ./src/BlockBuild_program.o
 .text.voidCheckCollisionRight
                0x08000a14      0x1ac ./src/BlockBuild_program.o
 .text.voidCheckCollisionLeft
                0x08000bc0      0x1ac ./src/BlockBuild_program.o
 .text.BlockBuild_voidDrawSpecialShape
                0x08000d6c       0xe8 ./src/BlockBuild_program.o
 .text.BlockBuild_voidDrawShape
                0x08000e54       0xf8 ./src/BlockBuild_program.o
 .text.BlockBuild_voidGenerateRandomShape
                0x08000f4c       0x48 ./src/BlockBuild_program.o
 .text.BlockBuild_voidCheckEndOfDown
                0x08000f94      0x24c ./src/BlockBuild_program.o
 .text.BlockBuild_voidShapeDown
                0x080011e0       0x20 ./src/BlockBuild_program.o
 .text.voidSpeedDown
                0x08001200       0x24 ./src/BlockBuild_program.o
 .text.voidRotateShape
                0x08001224       0x6c ./src/BlockBuild_program.o
 .text.voidCheckRowComplete
                0x08001290       0xb4 ./src/BlockBuild_program.o
 .text.BlockBuild_voidTerminateGame
                0x08001344       0x50 ./src/BlockBuild_program.o
                0x08001344                BlockBuild_voidTerminateGame
 .text.BlockBuild_voidCheckButtons
                0x08001394       0xc8 ./src/BlockBuild_program.o
                0x08001394                BlockBuild_voidCheckButtons
 .text.BlockBuild_voidSetInitialScreen
                0x0800145c       0x2e ./src/BlockBuild_program.o
                0x0800145c                BlockBuild_voidSetInitialScreen
 *fill*         0x0800148a        0x2 
 .text.BlockBuild_voidInitGame
                0x0800148c       0x20 ./src/BlockBuild_program.o
                0x0800148c                BlockBuild_voidInitGame
 .text.voidCheckGameOver
                0x080014ac       0x5c ./src/BlockBuild_program.o
 .text.BlockBuild_voidStartGame
                0x08001508       0x14 ./src/BlockBuild_program.o
                0x08001508                BlockBuild_voidStartGame
 .text.GPIO_voidSetPinMode
                0x0800151c       0xfc ./src/GPIO_program.o
                0x0800151c                GPIO_voidSetPinMode
 .text.GPIO_voidsetPinValue
                0x08001618       0x80 ./src/GPIO_program.o
                0x08001618                GPIO_voidsetPinValue
 .text.GPIO_u8GetPinValue
                0x08001698       0x40 ./src/GPIO_program.o
                0x08001698                GPIO_u8GetPinValue
 .text.appendNode
                0x080016d8       0x48 ./src/Linked_List.o
                0x080016d8                appendNode
 .text.getHead  0x08001720        0xc ./src/Linked_List.o
                0x08001720                getHead
 .text.updateNodes
                0x0800172c       0xd4 ./src/Linked_List.o
                0x0800172c                updateNodes
 .text.checkForCollison
                0x08001800       0x2c ./src/Linked_List.o
                0x08001800                checkForCollison
 .text.restorInitSnake
                0x0800182c       0x20 ./src/Linked_List.o
                0x0800182c                restorInitSnake
 .text.voidScheduler
                0x0800184c       0x78 ./src/OS_programe.o
 .text.voidGoToSleep
                0x080018c4        0x4 ./src/OS_programe.o
 .text.OS_voidStart
                0x080018c8       0x18 ./src/OS_programe.o
                0x080018c8                OS_voidStart
 .text.OS_voidDispatcher
                0x080018e0       0x4c ./src/OS_programe.o
                0x080018e0                OS_voidDispatcher
 .text.OS_u8CreateTask
                0x0800192c       0x2c ./src/OS_programe.o
                0x0800192c                OS_u8CreateTask
 .text.OS_u8DeleteTask
                0x08001958       0x38 ./src/OS_programe.o
                0x08001958                OS_u8DeleteTask
 .text.RCC_voidInitSysClock
                0x08001990       0x74 ./src/RCC_program.o
                0x08001990                RCC_voidInitSysClock
 .text.RCC_voidEnableClock
                0x08001a04       0x4c ./src/RCC_program.o
                0x08001a04                RCC_voidEnableClock
 .text.SPI_u8ConfigureCh
                0x08001a50      0x1ac ./src/SPI_program.o
                0x08001a50                SPI_u8ConfigureCh
 .text.SPI_voidSendRecSynch
                0x08001bfc       0x28 ./src/SPI_program.o
                0x08001bfc                SPI_voidSendRecSynch
 .text.SPI1_IRQHandler
                0x08001c24       0x24 ./src/SPI_program.o
                0x08001c24                SPI1_IRQHandler
 .text.SPI2_IRQHandler
                0x08001c48       0x24 ./src/SPI_program.o
                0x08001c48                SPI2_IRQHandler
 .text.STK_voidInit
                0x08001c6c       0x20 ./src/STK_program.o
                0x08001c6c                STK_voidInit
 .text.STK_voidSetBusyWait
                0x08001c8c       0x68 ./src/STK_program.o
                0x08001c8c                STK_voidSetBusyWait
 .text.STK_voidSetIntervalPeriodic
                0x08001cf4       0x68 ./src/STK_program.o
                0x08001cf4                STK_voidSetIntervalPeriodic
 .text.SysTick_Handler
                0x08001d5c       0x30 ./src/STK_program.o
                0x08001d5c                SysTick_Handler
 .text.SnakeAPP_voidUpdatePosition
                0x08001d8c       0x84 ./src/SnakeAPP_program.o
 .text.SnakeApp_voidCheckEatFood
                0x08001e10      0x10c ./src/SnakeAPP_program.o
 .text.SnakeApp_voidCheckGameOver
                0x08001f1c       0xfc ./src/SnakeAPP_program.o
 .text.SnakeAPP_voidUpdateScreen
                0x08002018       0x7c ./src/SnakeAPP_program.o
 .text.SnakeAPP_voidSetInitialScreen
                0x08002094       0xb0 ./src/SnakeAPP_program.o
 .text.SnakeAPP_voidInitScreen
                0x08002144       0x1c ./src/SnakeAPP_program.o
                0x08002144                SnakeAPP_voidInitScreen
 .text.SnakeAPP_voidTerminateGame
                0x08002160       0x48 ./src/SnakeAPP_program.o
                0x08002160                SnakeAPP_voidTerminateGame
 .text.SnakeAPP_voidCheckInput
                0x080021a8       0x84 ./src/SnakeAPP_program.o
                0x080021a8                SnakeAPP_voidCheckInput
 .text.voidWriteData
                0x0800222c       0x2c ./src/TFT_program.o
 .text.voidSetColour
                0x08002258       0x12 ./src/TFT_program.o
 .text.voidWriteCommand
                0x0800226a       0x2c ./src/TFT_program.o
 .text.voidSetAddress
                0x08002296       0x58 ./src/TFT_program.o
 .text.voidDrawPixel
                0x080022ee       0x24 ./src/TFT_program.o
 .text.TFT_voidInit
                0x08002312       0x88 ./src/TFT_program.o
                0x08002312                TFT_voidInit
 .text.TFT_voidDrawRectangle
                0x0800239a       0x38 ./src/TFT_program.o
                0x0800239a                TFT_voidDrawRectangle
 .text.TFT_voidFillDisplay
                0x080023d2       0x18 ./src/TFT_program.o
                0x080023d2                TFT_voidFillDisplay
 *fill*         0x080023ea        0x2 
 .text.TFT_voidPrintChar
                0x080023ec       0xa4 ./src/TFT_program.o
                0x080023ec                TFT_voidPrintChar
 .text.TFT_voidPrintText
                0x08002490       0x42 ./src/TFT_program.o
                0x08002490                TFT_voidPrintText
 *fill*         0x080024d2        0x2 
 .text.voidInitH_W
                0x080024d4       0xc0 ./src/main.o
 .text.voidInitMainScreen
                0x08002594       0x6c ./src/main.o
 .text.main     0x08002600       0x24 ./src/main.o
                0x08002600                main
 .text.voidCheckButtonsMainScreen
                0x08002624       0xc8 ./src/main.o
                0x08002624                voidCheckButtonsMainScreen
 .text.voidCheckButtonsTask
                0x080026ec       0xc0 ./src/main.o
                0x080026ec                voidCheckButtonsTask
 .text.__errno  0x080027ac        0xc d:/xblank/com/arm/imt_arm_course/02- tools/03- imt sdk/imt_sdk_win_64/winarm/armgcc/bin/../lib/gcc/arm-none-eabi/7.2.1/../../../../arm-none-eabi/lib/thumb/v7-m\libg_nano.a(lib_a-errno.o)
                0x080027ac                __errno
 .text.malloc   0x080027b8       0x10 d:/xblank/com/arm/imt_arm_course/02- tools/03- imt sdk/imt_sdk_win_64/winarm/armgcc/bin/../lib/gcc/arm-none-eabi/7.2.1/../../../../arm-none-eabi/lib/thumb/v7-m\libg_nano.a(lib_a-malloc.o)
                0x080027b8                malloc
 .text.free     0x080027c8       0x10 d:/xblank/com/arm/imt_arm_course/02- tools/03- imt sdk/imt_sdk_win_64/winarm/armgcc/bin/../lib/gcc/arm-none-eabi/7.2.1/../../../../arm-none-eabi/lib/thumb/v7-m\libg_nano.a(lib_a-malloc.o)
                0x080027c8                free
 .text._free_r  0x080027d8       0x98 d:/xblank/com/arm/imt_arm_course/02- tools/03- imt sdk/imt_sdk_win_64/winarm/armgcc/bin/../lib/gcc/arm-none-eabi/7.2.1/../../../../arm-none-eabi/lib/thumb/v7-m\libg_nano.a(lib_a-nano-freer.o)
                0x080027d8                _free_r
 .text._malloc_r
                0x08002870       0xb4 d:/xblank/com/arm/imt_arm_course/02- tools/03- imt sdk/imt_sdk_win_64/winarm/armgcc/bin/../lib/gcc/arm-none-eabi/7.2.1/../../../../arm-none-eabi/lib/thumb/v7-m\libg_nano.a(lib_a-nano-mallocr.o)
                0x08002870                _malloc_r
 .text.rand     0x08002924       0x68 d:/xblank/com/arm/imt_arm_course/02- tools/03- imt sdk/imt_sdk_win_64/winarm/armgcc/bin/../lib/gcc/arm-none-eabi/7.2.1/../../../../arm-none-eabi/lib/thumb/v7-m\libg_nano.a(lib_a-rand.o)
                0x08002924                rand
 .text._sbrk_r  0x0800298c       0x20 d:/xblank/com/arm/imt_arm_course/02- tools/03- imt sdk/imt_sdk_win_64/winarm/armgcc/bin/../lib/gcc/arm-none-eabi/7.2.1/../../../../arm-none-eabi/lib/thumb/v7-m\libg_nano.a(lib_a-sbrkr.o)
                0x0800298c                _sbrk_r
 .text.sprintf  0x080029ac       0x40 d:/xblank/com/arm/imt_arm_course/02- tools/03- imt sdk/imt_sdk_win_64/winarm/armgcc/bin/../lib/gcc/arm-none-eabi/7.2.1/../../../../arm-none-eabi/lib/thumb/v7-m\libg_nano.a(lib_a-sprintf.o)
                0x080029ac                siprintf
                0x080029ac                sprintf
 .text._vsnprintf_r
                0x080029ec       0x58 d:/xblank/com/arm/imt_arm_course/02- tools/03- imt sdk/imt_sdk_win_64/winarm/armgcc/bin/../lib/gcc/arm-none-eabi/7.2.1/../../../../arm-none-eabi/lib/thumb/v7-m\libg_nano.a(lib_a-vsnprintf.o)
                0x080029ec                _vsniprintf_r
                0x080029ec                _vsnprintf_r
 .text.vsnprintf
                0x08002a44       0x1c d:/xblank/com/arm/imt_arm_course/02- tools/03- imt sdk/imt_sdk_win_64/winarm/armgcc/bin/../lib/gcc/arm-none-eabi/7.2.1/../../../../arm-none-eabi/lib/thumb/v7-m\libg_nano.a(lib_a-vsnprintf.o)
                0x08002a44                vsniprintf
                0x08002a44                vsnprintf
 .text.__malloc_lock
                0x08002a60        0x2 d:/xblank/com/arm/imt_arm_course/02- tools/03- imt sdk/imt_sdk_win_64/winarm/armgcc/bin/../lib/gcc/arm-none-eabi/7.2.1/../../../../arm-none-eabi/lib/thumb/v7-m\libg_nano.a(lib_a-mlock.o)
                0x08002a60                __malloc_lock
 .text.__malloc_unlock
                0x08002a62        0x2 d:/xblank/com/arm/imt_arm_course/02- tools/03- imt sdk/imt_sdk_win_64/winarm/armgcc/bin/../lib/gcc/arm-none-eabi/7.2.1/../../../../arm-none-eabi/lib/thumb/v7-m\libg_nano.a(lib_a-mlock.o)
                0x08002a62                __malloc_unlock
 .text.__ssputs_r
                0x08002a64       0xb4 d:/xblank/com/arm/imt_arm_course/02- tools/03- imt sdk/imt_sdk_win_64/winarm/armgcc/bin/../lib/gcc/arm-none-eabi/7.2.1/../../../../arm-none-eabi/lib/thumb/v7-m\libg_nano.a(lib_a-nano-svfprintf.o)
                0x08002a64                __ssputs_r
 .text._svfprintf_r
                0x08002b18      0x1ec d:/xblank/com/arm/imt_arm_course/02- tools/03- imt sdk/imt_sdk_win_64/winarm/armgcc/bin/../lib/gcc/arm-none-eabi/7.2.1/../../../../arm-none-eabi/lib/thumb/v7-m\libg_nano.a(lib_a-nano-svfprintf.o)
                0x08002b18                _svfiprintf_r
                0x08002b18                _svfprintf_r
 .text._printf_common
                0x08002d04       0xec d:/xblank/com/arm/imt_arm_course/02- tools/03- imt sdk/imt_sdk_win_64/winarm/armgcc/bin/../lib/gcc/arm-none-eabi/7.2.1/../../../../arm-none-eabi/lib/thumb/v7-m\libg_nano.a(lib_a-nano-vfprintf_i.o)
                0x08002d04                _printf_common
 .text._printf_i
                0x08002df0      0x224 d:/xblank/com/arm/imt_arm_course/02- tools/03- imt sdk/imt_sdk_win_64/winarm/armgcc/bin/../lib/gcc/arm-none-eabi/7.2.1/../../../../arm-none-eabi/lib/thumb/v7-m\libg_nano.a(lib_a-nano-vfprintf_i.o)
                0x08002df0                _printf_i
 .text.memchr   0x08003014       0x1c d:/xblank/com/arm/imt_arm_course/02- tools/03- imt sdk/imt_sdk_win_64/winarm/armgcc/bin/../lib/gcc/arm-none-eabi/7.2.1/../../../../arm-none-eabi/lib/thumb/v7-m\libg_nano.a(lib_a-memchr-stub.o)
                0x08003014                memchr
 .text.memcpy   0x08003030       0x16 d:/xblank/com/arm/imt_arm_course/02- tools/03- imt sdk/imt_sdk_win_64/winarm/armgcc/bin/../lib/gcc/arm-none-eabi/7.2.1/../../../../arm-none-eabi/lib/thumb/v7-m\libg_nano.a(lib_a-memcpy-stub.o)
                0x08003030                memcpy
 .text.memmove  0x08003046       0x32 d:/xblank/com/arm/imt_arm_course/02- tools/03- imt sdk/imt_sdk_win_64/winarm/armgcc/bin/../lib/gcc/arm-none-eabi/7.2.1/../../../../arm-none-eabi/lib/thumb/v7-m\libg_nano.a(lib_a-memmove.o)
                0x08003046                memmove
 .text._realloc_r
                0x08003078       0x4c d:/xblank/com/arm/imt_arm_course/02- tools/03- imt sdk/imt_sdk_win_64/winarm/armgcc/bin/../lib/gcc/arm-none-eabi/7.2.1/../../../../arm-none-eabi/lib/thumb/v7-m\libg_nano.a(lib_a-nano-reallocr.o)
                0x08003078                _realloc_r
 .text._malloc_usable_size_r
                0x080030c4       0x10 d:/xblank/com/arm/imt_arm_course/02- tools/03- imt sdk/imt_sdk_win_64/winarm/armgcc/bin/../lib/gcc/arm-none-eabi/7.2.1/../../../../arm-none-eabi/lib/thumb/v7-m\libg_nano.a(lib_a-nano-msizer.o)
                0x080030c4                _malloc_usable_size_r
 *(.rodata .rodata.* .constdata .constdata.*)
 .rodata.dumpExceptionStack.str1.4
                0x080030d4      0x11a ./system/src/cortexm/exception_handlers.o
 *fill*         0x080031ee        0x2 
 .rodata.str1.4
                0x080031f0       0x2a ./system/src/cortexm/exception_handlers.o
 *fill*         0x0800321a        0x2 
 .rodata.voidCheckGameOver.str1.4
                0x0800321c        0xd ./src/BlockBuild_program.o
 *fill*         0x08003229        0x3 
 .rodata.SnakeAPP_voidSetInitialScreen.str1.4
                0x0800322c        0x3 ./src/SnakeAPP_program.o
 *fill*         0x0800322f        0x1 
 .rodata.SnakeApp_voidCheckEatFood.str1.4
                0x08003230        0x5 ./src/SnakeAPP_program.o
 *fill*         0x08003235        0x3 
 .rodata.SnakeApp_voidCheckGameOver.str1.4
                0x08003238        0xd ./src/SnakeAPP_program.o
 *fill*         0x08003245        0x3 
 .rodata.TFT_font
                0x08003248      0x240 ./src/TFT_program.o
 .rodata        0x08003488        0x9 ./src/main.o
 *fill*         0x08003491        0x3 
 .rodata.voidCheckButtonsMainScreen.str1.4
                0x08003494        0x2 ./src/main.o
 *fill*         0x08003496        0x2 
 .rodata.voidInitMainScreen.str1.4
                0x08003498       0x1c ./src/main.o
                                 0x1a (size before relaxing)
 .rodata._svfprintf_r.str1.1
                0x080034b4       0x11 d:/xblank/com/arm/imt_arm_course/02- tools/03- imt sdk/imt_sdk_win_64/winarm/armgcc/bin/../lib/gcc/arm-none-eabi/7.2.1/../../../../arm-none-eabi/lib/thumb/v7-m\libg_nano.a(lib_a-nano-svfprintf.o)
 .rodata._printf_i.str1.1
                0x080034c5       0x22 d:/xblank/com/arm/imt_arm_course/02- tools/03- imt sdk/imt_sdk_win_64/winarm/armgcc/bin/../lib/gcc/arm-none-eabi/7.2.1/../../../../arm-none-eabi/lib/thumb/v7-m\libg_nano.a(lib_a-nano-vfprintf_i.o)
 *(vtable)
 *(.eh_frame*)
 *(.glue_7)
 .glue_7        0x080034e7        0x0 linker stubs
 *(.glue_7t)
 .glue_7t       0x080034e7        0x0 linker stubs

.vfp11_veneer   0x080034e8        0x0
 .vfp11_veneer  0x080034e8        0x0 linker stubs

.v4_bx          0x080034e8        0x0
 .v4_bx         0x080034e8        0x0 linker stubs

.iplt           0x080034e8        0x0
 .iplt          0x080034e8        0x0 ./system/src/newlib/_exit.o

.rel.dyn        0x080034e8        0x0
 .rel.iplt      0x080034e8        0x0 ./system/src/newlib/_exit.o

.ARM.extab
 *(.ARM.extab* .gnu.linkonce.armextab.*)
                0x080034e8                . = ALIGN (0x4)
                0x080034e8                __exidx_start = .

.ARM.exidx
 *(.ARM.exidx* .gnu.linkonce.armexidx.*)
                0x080034e8                __exidx_end = .
                0x080034e8                . = ALIGN (0x4)
                0x080034e8                _etext = .
                0x080034e8                __etext = .

.data_CCMRAM    0x00000000        0x0 load address 0x080034e8
 FILL mask 0xff
 *(.data.CCMRAM .data.CCMRAM.*)
                0x00000000                . = ALIGN (0x4)
                0x080034e8                _sidata = LOADADDR (.data)

.data           0x20000000       0xd0 load address 0x080034e8
 FILL mask 0xff
                0x20000000                _sdata = .
                0x20000000                __data_start__ = .
 *(.data_begin .data_begin.*)
 .data_begin    0x20000000        0x4 ./system/src/newlib/_startup.o
 *(.data .data.*)
 .data.argv.4310
                0x20000004        0x8 ./system/src/newlib/_syscalls.o
 .data.AHBPrescTable
                0x2000000c       0x10 ./system/src/cmsis/system_stm32f10x.o
                0x2000000c                AHBPrescTable
 .data.SystemCoreClock
                0x2000001c        0x4 ./system/src/cmsis/system_stm32f10x.o
                0x2000001c                SystemCoreClock
 .data.lowerVlauesY
                0x20000020        0xc ./src/BlockBuild_program.o
                0x20000020                lowerVlauesY
 .data.shapes2_3
                0x2000002c       0x10 ./src/BlockBuild_program.o
                0x2000002c                shapes2_3
 .data.shapes3_2
                0x2000003c       0x18 ./src/BlockBuild_program.o
                0x2000003c                shapes3_2
 .data.SPI      0x20000054        0x8 ./src/SPI_program.o
                0x20000054                SPI
 .data.global_u8SnakeHead_X
                0x2000005c        0x1 ./src/SnakeAPP_program.o
                0x2000005c                global_u8SnakeHead_X
 .data.global_u8XHold
                0x2000005d        0x1 ./src/SnakeAPP_program.o
 .data.global_u8YHold
                0x2000005e        0x1 ./src/SnakeAPP_program.o
 .data.global_DownButton
                0x2000005f        0x1 ./src/main.o
                0x2000005f                global_DownButton
 .data.global_LeftButton
                0x20000060        0x1 ./src/main.o
                0x20000060                global_LeftButton
 .data.global_OkButton
                0x20000061        0x1 ./src/main.o
                0x20000061                global_OkButton
 .data.global_RightButton
                0x20000062        0x1 ./src/main.o
                0x20000062                global_RightButton
 .data.global_UpButton
                0x20000063        0x1 ./src/main.o
                0x20000063                global_UpButton
 .data.global_mainState
                0x20000064        0x1 ./src/main.o
                0x20000064                global_mainState
 *fill*         0x20000065        0x3 ff
 .data._impure_ptr
                0x20000068        0x4 d:/xblank/com/arm/imt_arm_course/02- tools/03- imt sdk/imt_sdk_win_64/winarm/armgcc/bin/../lib/gcc/arm-none-eabi/7.2.1/../../../../arm-none-eabi/lib/thumb/v7-m\libg_nano.a(lib_a-impure.o)
                0x20000068                _impure_ptr
 .data.impure_data
                0x2000006c       0x60 d:/xblank/com/arm/imt_arm_course/02- tools/03- imt sdk/imt_sdk_win_64/winarm/armgcc/bin/../lib/gcc/arm-none-eabi/7.2.1/../../../../arm-none-eabi/lib/thumb/v7-m\libg_nano.a(lib_a-impure.o)
 *(.data_end .data_end.*)
 .data_end      0x200000cc        0x4 ./system/src/newlib/_startup.o
                0x200000d0                . = ALIGN (0x4)
                0x200000d0                _edata = .
                0x200000d0                __data_end__ = .

.igot.plt       0x200000d0        0x0 load address 0x080035b8
 .igot.plt      0x200000d0        0x0 ./system/src/newlib/_exit.o

.bss_CCMRAM     0x00000000        0x0
 *(.bss.CCMRAM .bss.CCMRAM.*)

.bss            0x200000d0      0x130
                0x200000d0                __bss_start__ = .
                0x200000d0                _sbss = .
 *(.bss_begin .bss_begin.*)
 .bss_begin     0x200000d0        0x4 ./system/src/newlib/_startup.o
 *(.bss .bss.*)
 .bss.current_heap_end.3961
                0x200000d4        0x4 ./system/src/newlib/_sbrk.o
 .bss.name.4309
                0x200000d8        0x1 ./system/src/newlib/_syscalls.o
 *fill*         0x200000d9        0x3 
 .bss.buf.5205  0x200000dc       0x80 ./system/src/diag/Trace.o
 .bss.i.3735    0x2000015c        0x1 ./src/BUTTON_program.o
 .bss.global_u8CurrentShapeIndex
                0x2000015d        0x1 ./src/BlockBuild_program.o
                0x2000015d                global_u8CurrentShapeIndex
 .bss.global_u8CurrentShape_X
                0x2000015e        0x1 ./src/BlockBuild_program.o
                0x2000015e                global_u8CurrentShape_X
 .bss.global_u8CurrentShape_Y
                0x2000015f        0x1 ./src/BlockBuild_program.o
                0x2000015f                global_u8CurrentShape_Y
 .bss.shapesPosition
                0x20000160       0x20 ./src/BlockBuild_program.o
                0x20000160                shapesPosition
 .bss.head      0x20000180        0x4 ./src/Linked_List.o
 .bss.tail      0x20000184        0x4 ./src/Linked_List.o
 .bss.Global_u8SingleFlag
                0x20000188        0x1 ./src/STK_program.o
                0x20000188                Global_u8SingleFlag
 *fill*         0x20000189        0x3 
 .bss.global_u32Clk
                0x2000018c        0x4 ./src/STK_program.o
                0x2000018c                global_u32Clk
 .bss.global_dirc
                0x20000190        0x1 ./src/SnakeAPP_program.o
                0x20000190                global_dirc
 .bss.global_u8Score
                0x20000191        0x1 ./src/SnakeAPP_program.o
                0x20000191                global_u8Score
 .bss.global_u8SnakeHead_Y
                0x20000192        0x1 ./src/SnakeAPP_program.o
                0x20000192                global_u8SnakeHead_Y
 *fill*         0x20000193        0x1 
 .bss.head      0x20000194        0x4 ./src/SnakeAPP_program.o
 .bss.global_cursorState
                0x20000198        0x1 ./src/main.o
                0x20000198                global_cursorState
 .bss.global_u8DownButtonID
                0x20000199        0x1 ./src/main.o
 .bss.global_u8LeftButtonID
                0x2000019a        0x1 ./src/main.o
 .bss.global_u8OkButtonID
                0x2000019b        0x1 ./src/main.o
 .bss.global_u8RightButtonID
                0x2000019c        0x1 ./src/main.o
 .bss.global_u8UpButtonID
                0x2000019d        0x1 ./src/main.o
 *fill*         0x2000019e        0x2 
 .bss.__malloc_free_list
                0x200001a0        0x4 d:/xblank/com/arm/imt_arm_course/02- tools/03- imt sdk/imt_sdk_win_64/winarm/armgcc/bin/../lib/gcc/arm-none-eabi/7.2.1/../../../../arm-none-eabi/lib/thumb/v7-m\libg_nano.a(lib_a-nano-mallocr.o)
                0x200001a0                __malloc_free_list
 .bss.__malloc_sbrk_start
                0x200001a4        0x4 d:/xblank/com/arm/imt_arm_course/02- tools/03- imt sdk/imt_sdk_win_64/winarm/armgcc/bin/../lib/gcc/arm-none-eabi/7.2.1/../../../../arm-none-eabi/lib/thumb/v7-m\libg_nano.a(lib_a-nano-mallocr.o)
                0x200001a4                __malloc_sbrk_start
 *(COMMON)
 COMMON         0x200001a8        0x4 ./system/src/newlib/_syscalls.o
                0x200001a8                errno
 COMMON         0x200001ac       0x1f ./src/BUTTON_program.o
                0x200001ac                buttons_port
                0x200001b4                buttons_pins
                0x200001bc                button_info
 *fill*         0x200001cb        0x1 
 COMMON         0x200001cc       0x24 ./src/OS_programe.o
                0x200001cc                globalTasks
 COMMON         0x200001f0        0x8 ./src/SPI_program.o
                0x200001f0                callBackFunc
 COMMON         0x200001f8        0x4 ./src/STK_program.o
                0x200001f8                functionCallBack
 *(.bss_end .bss_end.*)
 .bss_end       0x200001fc        0x4 ./system/src/newlib/_startup.o
                0x20000200                . = ALIGN (0x4)
                0x20000200                __bss_end__ = .
                0x20000200                _ebss = .

.noinit_CCMRAM
 *(.noinit.CCMRAM .noinit.CCMRAM.*)

.noinit         0x20000200        0x0
                0x20000200                _noinit = .
 *(.noinit .noinit.*)
                0x20000200                . = ALIGN (0x4)
                0x20000200                _end_noinit = .
                [!provide]                PROVIDE (end, _end_noinit)
                [!provide]                PROVIDE (_end, _end_noinit)
                [!provide]                PROVIDE (__end, _end_noinit)
                [!provide]                PROVIDE (__end__, _end_noinit)

._check_stack   0x20000200      0x100
                0x20000300                . = (. + _Minimum_Stack_Size)
 *fill*         0x20000200      0x100 

.b1text
 *(.b1text)
 *(.b1rodata)
 *(.b1rodata.*)

.eb0text
 *(.eb0text)
 *(.eb0rodata)
 *(.eb0rodata.*)

.eb1text
 *(.eb1text)
 *(.eb1rodata)
 *(.eb1rodata.*)

.eb2text
 *(.eb2text)
 *(.eb2rodata)
 *(.eb2rodata.*)

.eb3text
 *(.eb3text)
 *(.eb3rodata)
 *(.eb3rodata.*)

.stab
 *(.stab)

.stabstr
 *(.stabstr)

.stab.excl
 *(.stab.excl)

.stab.exclstr
 *(.stab.exclstr)

.stab.index
 *(.stab.index)

.stab.indexstr
 *(.stab.indexstr)

.comment        0x00000000       0x7e
 *(.comment)
 .comment       0x00000000       0x7e ./system/src/newlib/_exit.o
                                 0x7f (size before relaxing)
 .comment       0x0000007e       0x7f ./system/src/newlib/_sbrk.o
 .comment       0x0000007e       0x7f ./system/src/newlib/_startup.o
 .comment       0x0000007e       0x7f ./system/src/newlib/_syscalls.o
 .comment       0x0000007e       0x7f ./system/src/diag/Trace.o
 .comment       0x0000007e       0x7f ./system/src/diag/trace_impl.o
 .comment       0x0000007e       0x7f ./system/src/cortexm/_initialize_hardware.o
 .comment       0x0000007e       0x7f ./system/src/cortexm/exception_handlers.o
 .comment       0x0000007e       0x7f ./system/src/cmsis/system_stm32f10x.o
 .comment       0x0000007e       0x7f ./system/src/cmsis/vectors_stm32f10x.o
 .comment       0x0000007e       0x7f ./src/BUTTON_program.o
 .comment       0x0000007e       0x7f ./src/BlockBuild_program.o
 .comment       0x0000007e       0x7f ./src/GPIO_program.o
 .comment       0x0000007e       0x7f ./src/Linked_List.o
 .comment       0x0000007e       0x7f ./src/OS_programe.o
 .comment       0x0000007e       0x7f ./src/RCC_program.o
 .comment       0x0000007e       0x7f ./src/SPI_program.o
 .comment       0x0000007e       0x7f ./src/STK_program.o
 .comment       0x0000007e       0x7f ./src/SnakeAPP_program.o
 .comment       0x0000007e       0x7f ./src/TFT_program.o
 .comment       0x0000007e       0x7f ./src/main.o

.ARM.attributes
                0x00000000       0x31
 .ARM.attributes
                0x00000000       0x33 ./system/src/newlib/_exit.o
 .ARM.attributes
                0x00000033       0x33 ./system/src/newlib/_sbrk.o
 .ARM.attributes
                0x00000066       0x33 ./system/src/newlib/_startup.o
 .ARM.attributes
                0x00000099       0x33 ./system/src/newlib/_syscalls.o
 .ARM.attributes
                0x000000cc       0x33 ./system/src/diag/Trace.o
 .ARM.attributes
                0x000000ff       0x33 ./system/src/diag/trace_impl.o
 .ARM.attributes
                0x00000132       0x33 ./system/src/cortexm/_initialize_hardware.o
 .ARM.attributes
                0x00000165       0x33 ./system/src/cortexm/exception_handlers.o
 .ARM.attributes
                0x00000198       0x33 ./system/src/cmsis/system_stm32f10x.o
 .ARM.attributes
                0x000001cb       0x33 ./system/src/cmsis/vectors_stm32f10x.o
 .ARM.attributes
                0x000001fe       0x33 ./src/BUTTON_program.o
 .ARM.attributes
                0x00000231       0x33 ./src/BlockBuild_program.o
 .ARM.attributes
                0x00000264       0x33 ./src/GPIO_program.o
 .ARM.attributes
                0x00000297       0x33 ./src/Linked_List.o
 .ARM.attributes
                0x000002ca       0x33 ./src/OS_programe.o
 .ARM.attributes
                0x000002fd       0x33 ./src/RCC_program.o
 .ARM.attributes
                0x00000330       0x33 ./src/SPI_program.o
 .ARM.attributes
                0x00000363       0x33 ./src/STK_program.o
 .ARM.attributes
                0x00000396       0x33 ./src/SnakeAPP_program.o
 .ARM.attributes
                0x000003c9       0x33 ./src/TFT_program.o
 .ARM.attributes
                0x000003fc       0x33 ./src/main.o
 .ARM.attributes
                0x0000042f       0x2d d:/xblank/com/arm/imt_arm_course/02- tools/03- imt sdk/imt_sdk_win_64/winarm/armgcc/bin/../lib/gcc/arm-none-eabi/7.2.1/../../../../arm-none-eabi/lib/thumb/v7-m\libg_nano.a(lib_a-errno.o)
 .ARM.attributes
                0x0000045c       0x2d d:/xblank/com/arm/imt_arm_course/02- tools/03- imt sdk/imt_sdk_win_64/winarm/armgcc/bin/../lib/gcc/arm-none-eabi/7.2.1/../../../../arm-none-eabi/lib/thumb/v7-m\libg_nano.a(lib_a-impure.o)
 .ARM.attributes
                0x00000489       0x2d d:/xblank/com/arm/imt_arm_course/02- tools/03- imt sdk/imt_sdk_win_64/winarm/armgcc/bin/../lib/gcc/arm-none-eabi/7.2.1/../../../../arm-none-eabi/lib/thumb/v7-m\libg_nano.a(lib_a-malloc.o)
 .ARM.attributes
                0x000004b6       0x2d d:/xblank/com/arm/imt_arm_course/02- tools/03- imt sdk/imt_sdk_win_64/winarm/armgcc/bin/../lib/gcc/arm-none-eabi/7.2.1/../../../../arm-none-eabi/lib/thumb/v7-m\libg_nano.a(lib_a-nano-freer.o)
 .ARM.attributes
                0x000004e3       0x2d d:/xblank/com/arm/imt_arm_course/02- tools/03- imt sdk/imt_sdk_win_64/winarm/armgcc/bin/../lib/gcc/arm-none-eabi/7.2.1/../../../../arm-none-eabi/lib/thumb/v7-m\libg_nano.a(lib_a-nano-mallocr.o)
 .ARM.attributes
                0x00000510       0x2d d:/xblank/com/arm/imt_arm_course/02- tools/03- imt sdk/imt_sdk_win_64/winarm/armgcc/bin/../lib/gcc/arm-none-eabi/7.2.1/../../../../arm-none-eabi/lib/thumb/v7-m\libg_nano.a(lib_a-rand.o)
 .ARM.attributes
                0x0000053d       0x2d d:/xblank/com/arm/imt_arm_course/02- tools/03- imt sdk/imt_sdk_win_64/winarm/armgcc/bin/../lib/gcc/arm-none-eabi/7.2.1/../../../../arm-none-eabi/lib/thumb/v7-m\libg_nano.a(lib_a-sbrkr.o)
 .ARM.attributes
                0x0000056a       0x2d d:/xblank/com/arm/imt_arm_course/02- tools/03- imt sdk/imt_sdk_win_64/winarm/armgcc/bin/../lib/gcc/arm-none-eabi/7.2.1/../../../../arm-none-eabi/lib/thumb/v7-m\libg_nano.a(lib_a-sprintf.o)
 .ARM.attributes
                0x00000597       0x2d d:/xblank/com/arm/imt_arm_course/02- tools/03- imt sdk/imt_sdk_win_64/winarm/armgcc/bin/../lib/gcc/arm-none-eabi/7.2.1/../../../../arm-none-eabi/lib/thumb/v7-m\libg_nano.a(lib_a-vsnprintf.o)
 .ARM.attributes
                0x000005c4       0x2d d:/xblank/com/arm/imt_arm_course/02- tools/03- imt sdk/imt_sdk_win_64/winarm/armgcc/bin/../lib/gcc/arm-none-eabi/7.2.1/../../../../arm-none-eabi/lib/thumb/v7-m\libg_nano.a(lib_a-mlock.o)
 .ARM.attributes
                0x000005f1       0x2d d:/xblank/com/arm/imt_arm_course/02- tools/03- imt sdk/imt_sdk_win_64/winarm/armgcc/bin/../lib/gcc/arm-none-eabi/7.2.1/../../../../arm-none-eabi/lib/thumb/v7-m\libg_nano.a(lib_a-nano-svfprintf.o)
 .ARM.attributes
                0x0000061e       0x2d d:/xblank/com/arm/imt_arm_course/02- tools/03- imt sdk/imt_sdk_win_64/winarm/armgcc/bin/../lib/gcc/arm-none-eabi/7.2.1/../../../../arm-none-eabi/lib/thumb/v7-m\libg_nano.a(lib_a-nano-vfprintf_i.o)
 .ARM.attributes
                0x0000064b       0x2d d:/xblank/com/arm/imt_arm_course/02- tools/03- imt sdk/imt_sdk_win_64/winarm/armgcc/bin/../lib/gcc/arm-none-eabi/7.2.1/../../../../arm-none-eabi/lib/thumb/v7-m\libg_nano.a(lib_a-memchr-stub.o)
 .ARM.attributes
                0x00000678       0x2d d:/xblank/com/arm/imt_arm_course/02- tools/03- imt sdk/imt_sdk_win_64/winarm/armgcc/bin/../lib/gcc/arm-none-eabi/7.2.1/../../../../arm-none-eabi/lib/thumb/v7-m\libg_nano.a(lib_a-memcpy-stub.o)
 .ARM.attributes
                0x000006a5       0x2d d:/xblank/com/arm/imt_arm_course/02- tools/03- imt sdk/imt_sdk_win_64/winarm/armgcc/bin/../lib/gcc/arm-none-eabi/7.2.1/../../../../arm-none-eabi/lib/thumb/v7-m\libg_nano.a(lib_a-memmove.o)
 .ARM.attributes
                0x000006d2       0x2d d:/xblank/com/arm/imt_arm_course/02- tools/03- imt sdk/imt_sdk_win_64/winarm/armgcc/bin/../lib/gcc/arm-none-eabi/7.2.1/../../../../arm-none-eabi/lib/thumb/v7-m\libg_nano.a(lib_a-nano-reallocr.o)
 .ARM.attributes
                0x000006ff       0x2d d:/xblank/com/arm/imt_arm_course/02- tools/03- imt sdk/imt_sdk_win_64/winarm/armgcc/bin/../lib/gcc/arm-none-eabi/7.2.1/../../../../arm-none-eabi/lib/thumb/v7-m\libg_nano.a(lib_a-nano-msizer.o)

.debug
 *(.debug)

.line
 *(.line)

.debug_srcinfo
 *(.debug_srcinfo)

.debug_sfnames
 *(.debug_sfnames)

.debug_aranges  0x00000000      0x5d8
 *(.debug_aranges)
 .debug_aranges
                0x00000000       0x28 ./system/src/newlib/_exit.o
 .debug_aranges
                0x00000028       0x20 ./system/src/newlib/_sbrk.o
 .debug_aranges
                0x00000048       0x40 ./system/src/newlib/_startup.o
 .debug_aranges
                0x00000088       0x30 ./system/src/newlib/_syscalls.o
 .debug_aranges
                0x000000b8       0x38 ./system/src/diag/Trace.o
 .debug_aranges
                0x000000f0       0x30 ./system/src/diag/trace_impl.o
 .debug_aranges
                0x00000120       0x28 ./system/src/cortexm/_initialize_hardware.o
 .debug_aranges
                0x00000148       0x90 ./system/src/cortexm/exception_handlers.o
 .debug_aranges
                0x000001d8       0x38 ./system/src/cmsis/system_stm32f10x.o
 .debug_aranges
                0x00000210       0x20 ./system/src/cmsis/vectors_stm32f10x.o
 .debug_aranges
                0x00000230       0x30 ./src/BUTTON_program.o
 .debug_aranges
                0x00000260       0xa0 ./src/BlockBuild_program.o
 .debug_aranges
                0x00000300       0x58 ./src/GPIO_program.o
 .debug_aranges
                0x00000358       0x40 ./src/Linked_List.o
 .debug_aranges
                0x00000398       0x60 ./src/OS_programe.o
 .debug_aranges
                0x000003f8       0x30 ./src/RCC_program.o
 .debug_aranges
                0x00000428       0x40 ./src/SPI_program.o
 .debug_aranges
                0x00000468       0x68 ./src/STK_program.o
 .debug_aranges
                0x000004d0       0x58 ./src/SnakeAPP_program.o
 .debug_aranges
                0x00000528       0x70 ./src/TFT_program.o
 .debug_aranges
                0x00000598       0x40 ./src/main.o

.debug_pubnames
 *(.debug_pubnames)

.debug_info     0x00000000     0xa354
 *(.debug_info .gnu.linkonce.wi.*)
 .debug_info    0x00000000      0x956 ./system/src/newlib/_exit.o
 .debug_info    0x00000956      0x942 ./system/src/newlib/_sbrk.o
 .debug_info    0x00001298      0x42e ./system/src/newlib/_startup.o
 .debug_info    0x000016c6      0xa19 ./system/src/newlib/_syscalls.o
 .debug_info    0x000020df      0xb2a ./system/src/diag/Trace.o
 .debug_info    0x00002c09      0x363 ./system/src/diag/trace_impl.o
 .debug_info    0x00002f6c      0x2b5 ./system/src/cortexm/_initialize_hardware.o
 .debug_info    0x00003221     0x1140 ./system/src/cortexm/exception_handlers.o
 .debug_info    0x00004361      0x494 ./system/src/cmsis/system_stm32f10x.o
 .debug_info    0x000047f5       0xca ./system/src/cmsis/vectors_stm32f10x.o
 .debug_info    0x000048bf      0x374 ./src/BUTTON_program.o
 .debug_info    0x00004c33     0x1418 ./src/BlockBuild_program.o
 .debug_info    0x0000604b      0x3fb ./src/GPIO_program.o
 .debug_info    0x00006446      0xad2 ./src/Linked_List.o
 .debug_info    0x00006f18      0x32d ./src/OS_programe.o
 .debug_info    0x00007245       0xf0 ./src/RCC_program.o
 .debug_info    0x00007335      0x29c ./src/SPI_program.o
 .debug_info    0x000075d1      0x2f0 ./src/STK_program.o
 .debug_info    0x000078c1     0x100a ./src/SnakeAPP_program.o
 .debug_info    0x000088cb      0x9b4 ./src/TFT_program.o
 .debug_info    0x0000927f     0x10d5 ./src/main.o

.debug_abbrev   0x00000000     0x24f5
 *(.debug_abbrev)
 .debug_abbrev  0x00000000      0x1f3 ./system/src/newlib/_exit.o
 .debug_abbrev  0x000001f3      0x1fc ./system/src/newlib/_sbrk.o
 .debug_abbrev  0x000003ef      0x1b3 ./system/src/newlib/_startup.o
 .debug_abbrev  0x000005a2      0x234 ./system/src/newlib/_syscalls.o
 .debug_abbrev  0x000007d6      0x276 ./system/src/diag/Trace.o
 .debug_abbrev  0x00000a4c      0x1e2 ./system/src/diag/trace_impl.o
 .debug_abbrev  0x00000c2e       0xea ./system/src/cortexm/_initialize_hardware.o
 .debug_abbrev  0x00000d18      0x32b ./system/src/cortexm/exception_handlers.o
 .debug_abbrev  0x00001043      0x177 ./system/src/cmsis/system_stm32f10x.o
 .debug_abbrev  0x000011ba       0x9d ./system/src/cmsis/vectors_stm32f10x.o
 .debug_abbrev  0x00001257      0x141 ./src/BUTTON_program.o
 .debug_abbrev  0x00001398      0x302 ./src/BlockBuild_program.o
 .debug_abbrev  0x0000169a      0x100 ./src/GPIO_program.o
 .debug_abbrev  0x0000179a      0x28a ./src/Linked_List.o
 .debug_abbrev  0x00001a24      0x1a4 ./src/OS_programe.o
 .debug_abbrev  0x00001bc8       0x70 ./src/RCC_program.o
 .debug_abbrev  0x00001c38      0x143 ./src/SPI_program.o
 .debug_abbrev  0x00001d7b      0x157 ./src/STK_program.o
 .debug_abbrev  0x00001ed2      0x292 ./src/SnakeAPP_program.o
 .debug_abbrev  0x00002164      0x150 ./src/TFT_program.o
 .debug_abbrev  0x000022b4      0x241 ./src/main.o

.debug_line     0x00000000     0x4c40
 *(.debug_line)
 .debug_line    0x00000000      0x3c7 ./system/src/newlib/_exit.o
 .debug_line    0x000003c7      0x37b ./system/src/newlib/_sbrk.o
 .debug_line    0x00000742      0x435 ./system/src/newlib/_startup.o
 .debug_line    0x00000b77      0x4af ./system/src/newlib/_syscalls.o
 .debug_line    0x00001026      0x443 ./system/src/diag/Trace.o
 .debug_line    0x00001469      0x6b0 ./system/src/diag/trace_impl.o
 .debug_line    0x00001b19      0x392 ./system/src/cortexm/_initialize_hardware.o
 .debug_line    0x00001eab      0x772 ./system/src/cortexm/exception_handlers.o
 .debug_line    0x0000261d      0x405 ./system/src/cmsis/system_stm32f10x.o
 .debug_line    0x00002a22      0x11e ./system/src/cmsis/vectors_stm32f10x.o
 .debug_line    0x00002b40      0x128 ./src/BUTTON_program.o
 .debug_line    0x00002c68      0x88d ./src/BlockBuild_program.o
 .debug_line    0x000034f5      0x1a2 ./src/GPIO_program.o
 .debug_line    0x00003697      0x3bf ./src/Linked_List.o
 .debug_line    0x00003a56      0x18a ./src/OS_programe.o
 .debug_line    0x00003be0       0xeb ./src/RCC_program.o
 .debug_line    0x00003ccb      0x14d ./src/SPI_program.o
 .debug_line    0x00003e18      0x18f ./src/STK_program.o
 .debug_line    0x00003fa7      0x58e ./src/SnakeAPP_program.o
 .debug_line    0x00004535      0x217 ./src/TFT_program.o
 .debug_line    0x0000474c      0x4f4 ./src/main.o

.debug_frame    0x00000000     0x114c
 *(.debug_frame)
 .debug_frame   0x00000000       0x38 ./system/src/newlib/_exit.o
 .debug_frame   0x00000038       0x28 ./system/src/newlib/_sbrk.o
 .debug_frame   0x00000060       0x7c ./system/src/newlib/_startup.o
 .debug_frame   0x000000dc       0x50 ./system/src/newlib/_syscalls.o
 .debug_frame   0x0000012c       0x94 ./system/src/diag/Trace.o
 .debug_frame   0x000001c0       0x64 ./system/src/diag/trace_impl.o
 .debug_frame   0x00000224       0x40 ./system/src/cortexm/_initialize_hardware.o
 .debug_frame   0x00000264      0x158 ./system/src/cortexm/exception_handlers.o
 .debug_frame   0x000003bc       0x6c ./system/src/cmsis/system_stm32f10x.o
 .debug_frame   0x00000428       0x20 ./system/src/cmsis/vectors_stm32f10x.o
 .debug_frame   0x00000448       0x5c ./src/BUTTON_program.o
 .debug_frame   0x000004a4      0x23c ./src/BlockBuild_program.o
 .debug_frame   0x000006e0       0xb4 ./src/GPIO_program.o
 .debug_frame   0x00000794       0x80 ./src/Linked_List.o
 .debug_frame   0x00000814       0xf0 ./src/OS_programe.o
 .debug_frame   0x00000904       0x40 ./src/RCC_program.o
 .debug_frame   0x00000944       0x8c ./src/SPI_program.o
 .debug_frame   0x000009d0       0xd0 ./src/STK_program.o
 .debug_frame   0x00000aa0       0xe4 ./src/SnakeAPP_program.o
 .debug_frame   0x00000b84      0x154 ./src/TFT_program.o
 .debug_frame   0x00000cd8       0xa0 ./src/main.o
 .debug_frame   0x00000d78       0x20 d:/xblank/com/arm/imt_arm_course/02- tools/03- imt sdk/imt_sdk_win_64/winarm/armgcc/bin/../lib/gcc/arm-none-eabi/7.2.1/../../../../arm-none-eabi/lib/thumb/v7-m\libg_nano.a(lib_a-errno.o)
 .debug_frame   0x00000d98       0x30 d:/xblank/com/arm/imt_arm_course/02- tools/03- imt sdk/imt_sdk_win_64/winarm/armgcc/bin/../lib/gcc/arm-none-eabi/7.2.1/../../../../arm-none-eabi/lib/thumb/v7-m\libg_nano.a(lib_a-malloc.o)
 .debug_frame   0x00000dc8       0x38 d:/xblank/com/arm/imt_arm_course/02- tools/03- imt sdk/imt_sdk_win_64/winarm/armgcc/bin/../lib/gcc/arm-none-eabi/7.2.1/../../../../arm-none-eabi/lib/thumb/v7-m\libg_nano.a(lib_a-nano-freer.o)
 .debug_frame   0x00000e00       0x2c d:/xblank/com/arm/imt_arm_course/02- tools/03- imt sdk/imt_sdk_win_64/winarm/armgcc/bin/../lib/gcc/arm-none-eabi/7.2.1/../../../../arm-none-eabi/lib/thumb/v7-m\libg_nano.a(lib_a-nano-mallocr.o)
 .debug_frame   0x00000e2c       0x48 d:/xblank/com/arm/imt_arm_course/02- tools/03- imt sdk/imt_sdk_win_64/winarm/armgcc/bin/../lib/gcc/arm-none-eabi/7.2.1/../../../../arm-none-eabi/lib/thumb/v7-m\libg_nano.a(lib_a-rand.o)
 .debug_frame   0x00000e74       0x2c d:/xblank/com/arm/imt_arm_course/02- tools/03- imt sdk/imt_sdk_win_64/winarm/armgcc/bin/../lib/gcc/arm-none-eabi/7.2.1/../../../../arm-none-eabi/lib/thumb/v7-m\libg_nano.a(lib_a-sbrkr.o)
 .debug_frame   0x00000ea0       0x6c d:/xblank/com/arm/imt_arm_course/02- tools/03- imt sdk/imt_sdk_win_64/winarm/armgcc/bin/../lib/gcc/arm-none-eabi/7.2.1/../../../../arm-none-eabi/lib/thumb/v7-m\libg_nano.a(lib_a-sprintf.o)
 .debug_frame   0x00000f0c       0x4c d:/xblank/com/arm/imt_arm_course/02- tools/03- imt sdk/imt_sdk_win_64/winarm/armgcc/bin/../lib/gcc/arm-none-eabi/7.2.1/../../../../arm-none-eabi/lib/thumb/v7-m\libg_nano.a(lib_a-vsnprintf.o)
 .debug_frame   0x00000f58       0x30 d:/xblank/com/arm/imt_arm_course/02- tools/03- imt sdk/imt_sdk_win_64/winarm/armgcc/bin/../lib/gcc/arm-none-eabi/7.2.1/../../../../arm-none-eabi/lib/thumb/v7-m\libg_nano.a(lib_a-mlock.o)
 .debug_frame   0x00000f88       0x90 d:/xblank/com/arm/imt_arm_course/02- tools/03- imt sdk/imt_sdk_win_64/winarm/armgcc/bin/../lib/gcc/arm-none-eabi/7.2.1/../../../../arm-none-eabi/lib/thumb/v7-m\libg_nano.a(lib_a-nano-svfprintf.o)
 .debug_frame   0x00001018       0x60 d:/xblank/com/arm/imt_arm_course/02- tools/03- imt sdk/imt_sdk_win_64/winarm/armgcc/bin/../lib/gcc/arm-none-eabi/7.2.1/../../../../arm-none-eabi/lib/thumb/v7-m\libg_nano.a(lib_a-nano-vfprintf_i.o)
 .debug_frame   0x00001078       0x28 d:/xblank/com/arm/imt_arm_course/02- tools/03- imt sdk/imt_sdk_win_64/winarm/armgcc/bin/../lib/gcc/arm-none-eabi/7.2.1/../../../../arm-none-eabi/lib/thumb/v7-m\libg_nano.a(lib_a-memchr-stub.o)
 .debug_frame   0x000010a0       0x28 d:/xblank/com/arm/imt_arm_course/02- tools/03- imt sdk/imt_sdk_win_64/winarm/armgcc/bin/../lib/gcc/arm-none-eabi/7.2.1/../../../../arm-none-eabi/lib/thumb/v7-m\libg_nano.a(lib_a-memcpy-stub.o)
 .debug_frame   0x000010c8       0x28 d:/xblank/com/arm/imt_arm_course/02- tools/03- imt sdk/imt_sdk_win_64/winarm/armgcc/bin/../lib/gcc/arm-none-eabi/7.2.1/../../../../arm-none-eabi/lib/thumb/v7-m\libg_nano.a(lib_a-memmove.o)
 .debug_frame   0x000010f0       0x3c d:/xblank/com/arm/imt_arm_course/02- tools/03- imt sdk/imt_sdk_win_64/winarm/armgcc/bin/../lib/gcc/arm-none-eabi/7.2.1/../../../../arm-none-eabi/lib/thumb/v7-m\libg_nano.a(lib_a-nano-reallocr.o)
 .debug_frame   0x0000112c       0x20 d:/xblank/com/arm/imt_arm_course/02- tools/03- imt sdk/imt_sdk_win_64/winarm/armgcc/bin/../lib/gcc/arm-none-eabi/7.2.1/../../../../arm-none-eabi/lib/thumb/v7-m\libg_nano.a(lib_a-nano-msizer.o)

.debug_str      0x00000000    0x58121
 *(.debug_str)
 .debug_str     0x00000000     0x7d21 ./system/src/newlib/_exit.o
                               0x7ef4 (size before relaxing)
 .debug_str     0x00007d21      0x4f5 ./system/src/newlib/_sbrk.o
                               0x72a6 (size before relaxing)
 .debug_str     0x00008216      0xbbd ./system/src/newlib/_startup.o
                               0x69e1 (size before relaxing)
 .debug_str     0x00008dd3      0xe8b ./system/src/newlib/_syscalls.o
                               0x8181 (size before relaxing)
 .debug_str     0x00009c5e      0x826 ./system/src/diag/Trace.o
                               0x866c (size before relaxing)
 .debug_str     0x0000a484    0x4b2b9 ./system/src/diag/trace_impl.o
                              0x52a52 (size before relaxing)
 .debug_str     0x0005573d       0xc4 ./system/src/cortexm/_initialize_hardware.o
                              0x4e843 (size before relaxing)
 .debug_str     0x00055801      0x1a6 ./system/src/cortexm/exception_handlers.o
                              0x53c77 (size before relaxing)
 .debug_str     0x000559a7      0x114 ./system/src/cmsis/system_stm32f10x.o
                              0x4e8dd (size before relaxing)
 .debug_str     0x00055abb       0x57 ./system/src/cmsis/vectors_stm32f10x.o
                               0x3882 (size before relaxing)
 .debug_str     0x00055b12      0x8ea ./src/BUTTON_program.o
                               0x36b3 (size before relaxing)
 .debug_str     0x000563fc      0x4a5 ./src/BlockBuild_program.o
                               0x7fa4 (size before relaxing)
 .debug_str     0x000568a1      0x4c6 ./src/GPIO_program.o
                               0x35e7 (size before relaxing)
 .debug_str     0x00056d67       0xab ./src/Linked_List.o
                               0x62bb (size before relaxing)
 .debug_str     0x00056e12      0x20b ./src/OS_programe.o
                               0x312d (size before relaxing)
 .debug_str     0x0005701d      0x61d ./src/RCC_program.o
                               0x38a2 (size before relaxing)
 .debug_str     0x0005763a      0x263 ./src/SPI_program.o
                               0x3149 (size before relaxing)
 .debug_str     0x0005789d      0x205 ./src/STK_program.o
                               0x3151 (size before relaxing)
 .debug_str     0x00057aa2      0x243 ./src/SnakeAPP_program.o
                               0x7e3c (size before relaxing)
 .debug_str     0x00057ce5      0x277 ./src/TFT_program.o
                               0x3451 (size before relaxing)
 .debug_str     0x00057f5c      0x1c5 ./src/main.o
                               0x80c7 (size before relaxing)

.debug_loc      0x00000000     0x247d
 *(.debug_loc)
 .debug_loc     0x00000000       0x85 ./system/src/newlib/_sbrk.o
 .debug_loc     0x00000085      0x1a9 ./system/src/newlib/_startup.o
 .debug_loc     0x0000022e       0x63 ./system/src/newlib/_syscalls.o
 .debug_loc     0x00000291       0xf6 ./system/src/diag/Trace.o
 .debug_loc     0x00000387      0x121 ./system/src/diag/trace_impl.o
 .debug_loc     0x000004a8      0x291 ./system/src/cortexm/exception_handlers.o
 .debug_loc     0x00000739       0xdf ./system/src/cmsis/system_stm32f10x.o
 .debug_loc     0x00000818       0x8d ./src/BUTTON_program.o
 .debug_loc     0x000008a5      0x67f ./src/BlockBuild_program.o
 .debug_loc     0x00000f24      0x5c1 ./src/GPIO_program.o
 .debug_loc     0x000014e5      0x238 ./src/Linked_List.o
 .debug_loc     0x0000171d      0x1b9 ./src/OS_programe.o
 .debug_loc     0x000018d6      0x14c ./src/RCC_program.o
 .debug_loc     0x00001a22      0x13b ./src/SPI_program.o
 .debug_loc     0x00001b5d      0x3ed ./src/STK_program.o
 .debug_loc     0x00001f4a       0x71 ./src/SnakeAPP_program.o
 .debug_loc     0x00001fbb      0x4c2 ./src/TFT_program.o

.debug_macinfo
 *(.debug_macinfo)

.debug_weaknames
 *(.debug_weaknames)

.debug_funcnames
 *(.debug_funcnames)

.debug_typenames
 *(.debug_typenames)

.debug_varnames
 *(.debug_varnames)
OUTPUT(Atari-proj.elf elf32-littlearm)

.debug_ranges   0x00000000      0x7d8
 .debug_ranges  0x00000000       0x18 ./system/src/newlib/_exit.o
 .debug_ranges  0x00000018       0x10 ./system/src/newlib/_sbrk.o
 .debug_ranges  0x00000028       0x78 ./system/src/newlib/_startup.o
 .debug_ranges  0x000000a0       0x20 ./system/src/newlib/_syscalls.o
 .debug_ranges  0x000000c0       0x28 ./system/src/diag/Trace.o
 .debug_ranges  0x000000e8       0x50 ./system/src/diag/trace_impl.o
 .debug_ranges  0x00000138       0x18 ./system/src/cortexm/_initialize_hardware.o
 .debug_ranges  0x00000150       0x80 ./system/src/cortexm/exception_handlers.o
 .debug_ranges  0x000001d0       0x28 ./system/src/cmsis/system_stm32f10x.o
 .debug_ranges  0x000001f8       0x10 ./system/src/cmsis/vectors_stm32f10x.o
 .debug_ranges  0x00000208       0x20 ./src/BUTTON_program.o
 .debug_ranges  0x00000228      0x308 ./src/BlockBuild_program.o
 .debug_ranges  0x00000530       0x48 ./src/GPIO_program.o
 .debug_ranges  0x00000578       0x30 ./src/Linked_List.o
 .debug_ranges  0x000005a8       0x68 ./src/OS_programe.o
 .debug_ranges  0x00000610       0x20 ./src/RCC_program.o
 .debug_ranges  0x00000630       0x30 ./src/SPI_program.o
 .debug_ranges  0x00000660       0x58 ./src/STK_program.o
 .debug_ranges  0x000006b8       0x60 ./src/SnakeAPP_program.o
 .debug_ranges  0x00000718       0x90 ./src/TFT_program.o
 .debug_ranges  0x000007a8       0x30 ./src/main.o

.debug_macro    0x00000000     0x35e5
 .debug_macro   0x00000000      0x1b4 ./system/src/newlib/_exit.o
 .debug_macro   0x000001b4       0x9c ./system/src/newlib/_exit.o
 .debug_macro   0x00000250      0x10e ./system/src/newlib/_exit.o
 .debug_macro   0x0000035e       0x8d ./system/src/newlib/_exit.o
 .debug_macro   0x000003eb       0x43 ./system/src/newlib/_exit.o
 .debug_macro   0x0000042e      0x330 ./system/src/newlib/_exit.o
 .debug_macro   0x0000075e       0x35 ./system/src/newlib/_exit.o
 .debug_macro   0x00000793      0x169 ./system/src/newlib/_sbrk.o
 .debug_macro   0x000008fc      0x174 ./system/src/newlib/_sbrk.o
 .debug_macro   0x00000a70       0x10 ./system/src/newlib/_sbrk.o
 .debug_macro   0x00000a80      0x23b ./system/src/newlib/_sbrk.o
 .debug_macro   0x00000cbb      0x173 ./system/src/newlib/_startup.o
 .debug_macro   0x00000e2e      0x217 ./system/src/newlib/_syscalls.o
 .debug_macro   0x00001045       0x1c ./system/src/newlib/_syscalls.o
 .debug_macro   0x00001061       0x10 ./system/src/newlib/_syscalls.o
 .debug_macro   0x00001071       0x10 ./system/src/newlib/_syscalls.o
 .debug_macro   0x00001081       0x10 ./system/src/newlib/_syscalls.o
 .debug_macro   0x00001091       0x35 ./system/src/newlib/_syscalls.o
 .debug_macro   0x000010c6      0x122 ./system/src/newlib/_syscalls.o
 .debug_macro   0x000011e8       0x88 ./system/src/newlib/_syscalls.o
 .debug_macro   0x00001270       0x2b ./system/src/newlib/_syscalls.o
 .debug_macro   0x0000129b      0x118 ./system/src/newlib/_syscalls.o
 .debug_macro   0x000013b3      0x189 ./system/src/newlib/_syscalls.o
 .debug_macro   0x0000153c       0x16 ./system/src/newlib/_syscalls.o
 .debug_macro   0x00001552      0x1fb ./system/src/diag/Trace.o
 .debug_macro   0x0000174d       0x16 ./system/src/diag/Trace.o
 .debug_macro   0x00001763       0x97 ./system/src/diag/Trace.o
 .debug_macro   0x000017fa       0xfd ./system/src/diag/Trace.o
 .debug_macro   0x000018f7       0x10 ./system/src/diag/Trace.o
 .debug_macro   0x00001907       0x16 ./system/src/diag/Trace.o
 .debug_macro   0x0000191d      0x16f ./system/src/diag/Trace.o
 .debug_macro   0x00001a8c       0x4c ./system/src/diag/Trace.o
 .debug_macro   0x00001ad8       0x16 ./system/src/diag/Trace.o
 .debug_macro   0x00001aee      0x2da ./system/src/diag/trace_impl.o
 .debug_macro   0x00001dc8       0x10 ./system/src/diag/trace_impl.o
 .debug_macro   0x00001dd8       0xcf ./system/src/diag/trace_impl.o
 .debug_macro   0x00001ea7       0xbe ./system/src/diag/trace_impl.o
 .debug_macro   0x00001f65       0x22 ./system/src/diag/trace_impl.o
 .debug_macro   0x00001f87      0x16b ./system/src/cortexm/_initialize_hardware.o
 .debug_macro   0x000020f2      0x324 ./system/src/cortexm/exception_handlers.o
 .debug_macro   0x00002416       0x3b ./system/src/cortexm/exception_handlers.o
 .debug_macro   0x00002451       0x10 ./system/src/cortexm/exception_handlers.o
 .debug_macro   0x00002461      0x16e ./system/src/cmsis/system_stm32f10x.o
 .debug_macro   0x000025cf       0x34 ./system/src/cmsis/vectors_stm32f10x.o
 .debug_macro   0x00002603       0x5e ./src/BUTTON_program.o
 .debug_macro   0x00002661       0x34 ./src/BUTTON_program.o
 .debug_macro   0x00002695       0x22 ./src/BUTTON_program.o
 .debug_macro   0x000026b7      0x13c ./src/BUTTON_program.o
 .debug_macro   0x000027f3       0x22 ./src/BUTTON_program.o
 .debug_macro   0x00002815       0x16 ./src/BUTTON_program.o
 .debug_macro   0x0000282b      0x228 ./src/BlockBuild_program.o
 .debug_macro   0x00002a53       0x3a ./src/BlockBuild_program.o
 .debug_macro   0x00002a8d       0x16 ./src/BlockBuild_program.o
 .debug_macro   0x00002aa3       0x46 ./src/BlockBuild_program.o
 .debug_macro   0x00002ae9       0x40 ./src/GPIO_program.o
 .debug_macro   0x00002b29       0x8e ./src/GPIO_program.o
 .debug_macro   0x00002bb7      0x10a ./src/Linked_List.o
 .debug_macro   0x00002cc1       0x49 ./src/OS_programe.o
 .debug_macro   0x00002d0a       0x10 ./src/OS_programe.o
 .debug_macro   0x00002d1a       0x1c ./src/OS_programe.o
 .debug_macro   0x00002d36       0x3f ./src/RCC_program.o
 .debug_macro   0x00002d75      0x17e ./src/RCC_program.o
 .debug_macro   0x00002ef3       0x46 ./src/RCC_program.o
 .debug_macro   0x00002f39       0x40 ./src/SPI_program.o
 .debug_macro   0x00002f79       0x10 ./src/SPI_program.o
 .debug_macro   0x00002f89       0xc4 ./src/SPI_program.o
 .debug_macro   0x0000304d       0x40 ./src/STK_program.o
 .debug_macro   0x0000308d       0x40 ./src/STK_program.o
 .debug_macro   0x000030cd       0x16 ./src/STK_program.o
 .debug_macro   0x000030e3      0x1fe ./src/SnakeAPP_program.o
 .debug_macro   0x000032e1       0x3a ./src/SnakeAPP_program.o
 .debug_macro   0x0000331b       0x5c ./src/TFT_program.o
 .debug_macro   0x00003377       0x28 ./src/TFT_program.o
 .debug_macro   0x0000339f       0x16 ./src/TFT_program.o
 .debug_macro   0x000033b5      0x208 ./src/main.o
 .debug_macro   0x000035bd       0x28 ./src/main.o
